// Jest Snapshot v1, https://goo.gl/fbAQLP

exports[`The tags list snapshot renders list as expexted 1`] = `
<div>
  <code>
    css
  </code>
  <code>
    html
  </code>
  <code>
    js
  </code>
</div>
`;
